[23:03:19.916] [CRASHER] Process started (PID: 2177)
[23:03:19.917] [CRASHER] Allocating 1.00 GB (1024 MB) of dirty RAM...
[23:03:20.621] [CRASHER] Memory populated successfully (1024 MB)!
[23:03:20.622] [CRASHER] Will run active CPU computation (NO SLEEP) and randomly dereference nullptr around second: 32
[23:03:21.623] [CRASHER] Active CPU working... elapsed: 1s / 32s (ops: 206768096060329568)
[23:03:22.623] [CRASHER] Active CPU working... elapsed: 2s / 32s (ops: 499264688169885408)
[23:03:23.623] [CRASHER] Active CPU working... elapsed: 3s / 32s (ops: 915311171644502640)
[23:03:24.623] [CRASHER] Active CPU working... elapsed: 4s / 32s (ops: 1298579112512062768)
[23:03:25.623] [CRASHER] Active CPU working... elapsed: 5s / 32s (ops: 1621332820874286704)
[23:03:26.623] [CRASHER] Active CPU working... elapsed: 6s / 32s (ops: 1928957971110176592)
[23:03:27.623] [CRASHER] Active CPU working... elapsed: 7s / 32s (ops: 2350047307293571840)
[23:03:28.623] [CRASHER] Active CPU working... elapsed: 8s / 32s (ops: 2491258318139787200)
[23:03:29.623] [CRASHER] Active CPU working... elapsed: 9s / 32s (ops: 2882090538070514352)
[23:03:30.623] [CRASHER] Active CPU working... elapsed: 10s / 32s (ops: 3262837052583685472)
[23:03:31.623] [CRASHER] Active CPU working... elapsed: 11s / 32s (ops: 3625933582616133536)
[23:03:32.623] [CRASHER] Active CPU working... elapsed: 12s / 32s (ops: 3910865895662522352)
[23:03:33.623] [CRASHER] Active CPU working... elapsed: 13s / 32s (ops: 4137805402557963984)
[23:03:34.623] [CRASHER] Active CPU working... elapsed: 14s / 32s (ops: 4402566304769240736)
[23:03:35.623] [CRASHER] Active CPU working... elapsed: 15s / 32s (ops: 4745491423966576736)
[23:03:36.623] [CRASHER] Active CPU working... elapsed: 16s / 32s (ops: 5121195085770969840)
[23:03:37.623] [CRASHER] Active CPU working... elapsed: 17s / 32s (ops: 5529677290182420048)
[23:03:38.623] [CRASHER] Active CPU working... elapsed: 18s / 32s (ops: 5890252393860479104)
[23:03:39.623] [CRASHER] Active CPU working... elapsed: 19s / 32s (ops: 6270998908373650224)
[23:03:40.623] [CRASHER] Active CPU working... elapsed: 20s / 32s (ops: 6452552740890089712)
[23:03:41.623] [CRASHER] Active CPU working... elapsed: 21s / 32s (ops: 6772785022897924640)
[23:03:42.623] [CRASHER] Active CPU working... elapsed: 22s / 32s (ops: 7178745800954985840)
[23:03:43.623] [CRASHER] Active CPU working... elapsed: 23s / 32s (ops: 7067814176362300400)
[23:03:44.623] [CRASHER] Active CPU working... elapsed: 24s / 32s (ops: 7400653590142080368)
[23:03:45.623] [CRASHER] Active CPU working... elapsed: 25s / 32s (ops: 7809135794553530576)
[23:03:46.623] [CRASHER] Active CPU working... elapsed: 26s / 32s (ops: 7753675549757403312)
[23:03:47.623] [CRASHER] Active CPU working... elapsed: 27s / 32s (ops: 7761250963821001248)
[23:03:48.623] [CRASHER] Active CPU working... elapsed: 28s / 32s (ops: 8101654656663948240)
[23:03:49.623] [CRASHER] Active CPU working... elapsed: 29s / 32s (ops: 8462229760342007296)
[23:03:50.623] [CRASHER] Active CPU working... elapsed: 30s / 32s (ops: 8865669112044679488)
[23:03:51.623] [CRASHER] Active CPU working... elapsed: 31s / 32s (ops: 9019487254662839888)
[23:03:52.623] [CRASHER] Active CPU working... elapsed: 32s / 32s (ops: 9190955381761723344)
[23:03:52.624] [CRASHER] >>> TIME REACHED (32s)! Dereferencing nullptr NOW! <<<
